git add . - adiciona todos 
git commit -m - faz commit


fabbel@ACTPT1086:~/Rails/personal/code_academy$ git commit

*** Please tell me who you are.

Run

  git config --global user.email "you@example.com"
  git config --global user.name "Your Name"

to set your account's default identity.
Omit --global to set the identity only in this repository.

fatal: empty ident name (for <fabbel@ACTPT1086.actone.local>) not allowed
fabbel@ACTPT1086:~/Rails/personal/code_academy$  git config --global user.email "fabbel_dg@hotmail.com"
fabbel@ACTPT1086:~/Rails/personal/code_academy$  git config --global user.name "Fabio Belas"
fabbel@ACTPT1086:~/Rails/personal/code_academy$ git commit
Aborting commit due to empty commit message.
fabbel@ACTPT1086:~/Rails/personal/code_academy$ git commit -m"first commit"
[main 09141f6] first commit
 5 files changed, 134 insertions(+), 27 deletions(-)
 create mode 100644 .ruby-version
 create mode 100644 Gemfile.lock
 create mode 100644 README.md
 rewrite config/database.yml (95%)
fabbel@ACTPT1086:~/Rails/personal/code_academy$ git commit -m"first commit"
On branch main
Your branch is ahead of 'origin/main' by 1 commit.
  (use "git push" to publish your local commits)
nothing to commit, working directory clean
fabbel@ACTPT1086:~/Rails/personal/code_academy$ git status
On branch main
Your branch is ahead of 'origin/main' by 1 commit.
  (use "git push" to publish your local commits)
nothing to commit, working directory clean
fabbel@ACTPT1086:~/Rails/personal/code_academy$ git push
warning: push.default is unset; its implicit value has changed in
Git 2.0 from 'matching' to 'simple'. To squelch this message
and maintain the traditional behavior, use:

  git config --global push.default matching

To squelch this message and adopt the new behavior now, use:

  git config --global push.default simple

When push.default is set to 'matching', git will push local branches
to the remote branches that already exist with the same name.

Since Git 2.0, Git defaults to the more conservative 'simple'
behavior, which only pushes the current branch to the corresponding
remote branch that 'git pull' uses to update the current branch.

See 'git help config' and search for 'push.default' for further information.
(the 'simple' mode was introduced in Git 1.7.11. Use the similar mode
'current' instead of 'simple' if you sometimes use older versions of Git)

Counting objects: 8, done.
Delta compression using up to 4 threads.
Compressing objects: 100% (6/6), done.
Writing objects: 100% (8/8), 1.53 KiB | 0 bytes/s, done.
Total 8 (delta 3), reused 0 (delta 0)
remote: Resolving deltas: 100% (3/3), completed with 3 local objects.
To git@github.com:FabioBell/code_academy.git
   d47da06..09141f6  main -> main
fabbel@ACTPT1086:~/Rails/personal/code_academy$ git config --global push.default matching
fabbel@ACTPT1086:~/Rails/personal/code_academy$ git push
Everything up-to-date
fabbel@ACTPT1086:~/Rails/personal/code_academy$ git status
On branch main
Your branch is up-to-date with 'origin/main'.
Changes not staged for commit:
  (use "git add <file>..." to update what will be committed)
  (use "git checkout -- <file>..." to discard changes in working directory)

        modified:   Gemfile

no changes added to commit (use "git add" and/or "git commit -a")
fabbel@ACTPT1086:~/Rails/personal/code_academy$ git status
On branch main
Your branch is up-to-date with 'origin/main'.
Changes not staged for commit:
  (use "git add <file>..." to update what will be committed)
  (use "git checkout -- <file>..." to discard changes in working directory)

        modified:   Gemfile

Untracked files:
  (use "git add <file>..." to include in what will be committed)

        looool.txt

no changes added to commit (use "git add" and/or "git commit -a")
fabbel@ACTPT1086:~/Rails/personal/code_academy$ git commit -am"aaa"
[main f64f7b6] aaa
 1 file changed, 1 insertion(+), 1 deletion(-)
fabbel@ACTPT1086:~/Rails/personal/code_academy$ git status
On branch main
Your branch is ahead of 'origin/main' by 1 commit.
  (use "git push" to publish your local commits)
Untracked files:
  (use "git add <file>..." to include in what will be committed)

        looool.txt

nothing added to commit but untracked files present (use "git add" to track)
fabbel@ACTPT1086:~/Rails/personal/code_academy$ rm lo
log/        looool.txt
fabbel@ACTPT1086:~/Rails/personal/code_academy$ rm looool.txt
fabbel@ACTPT1086:~/Rails/personal/code_academy$ ls
app  config     db       Gemfile.lock  log     Rakefile   README.rdoc  tmp
bin  config.ru  Gemfile  lib           public  README.md  test         vendor
fabbel@ACTPT1086:~/Rails/personal/code_academy$
